<html>
<body>
<pre>
<h1>µVision Build Log</h1>
<h2>Tool Versions:</h2>
IDE-Version: ¦ÌVision V5.24.2.0
Copyright (C) 2017 ARM Ltd and ARM Germany GmbH. All rights reserved.
License Information: 0 12715, 0, LIC=9WSBS-LVXYY-5TL3W-QMTSV-MM33E-6Z9HP
 
Tool Versions:
Toolchain:       MDK-ARM Plus  Version: 5.24.1
Toolchain Path:  D:\KEIL\ARM\ARMCC\Bin
C Compiler:      Armcc.exe V5.06 update 5 (build 528)
Assembler:       Armasm.exe V5.06 update 5 (build 528)
Linker/Locator:  ArmLink.exe V5.06 update 5 (build 528)
Library Manager: ArmAr.exe V5.06 update 5 (build 528)
Hex Converter:   FromElf.exe V5.06 update 5 (build 528)
CPU DLL:         SARMCM3.DLL V5.24.1
Dialog DLL:      DARMSTM.DLL V1.68.0.0
Target DLL:      STLink\ST-LINKIII-KEIL_SWO.dll V3.0.1.0
Dialog DLL:      TARMSTM.DLL V1.66.0.0
 
<h2>Project:</h2>
E:\git-repositories\Smart-home\Ö÷»ú\USER\24L01.uvprojx
Project File Date:  01/20/2018

<h2>Output:</h2>
*** Using Compiler 'V5.06 update 5 (build 528)', folder: 'D:\KEIL\ARM\ARMCC\Bin'
Rebuild target 'Target 1'
compiling stm32f10x_it.c...
compiling system_stm32f10x.c...
compiling main.c...
main.c(19): warning:  #177-D: variable "t"  was declared but never referenced
  	u16 t=0;			 
main.c(20): warning:  #177-D: variable "key"  was declared but never referenced
  	u8 key = 0;
main.c: 2 warnings, 0 errors
compiling led.c...
compiling key.c...
compiling spi.c...
compiling 24l01.c...
compiling lcd.c...
compiling ds18b20.c...
compiling delay.c...
compiling core_cm3.c...
assembling startup_stm32f10x_hd.s...
compiling sys.c...
compiling usart.c...
compiling stm32f10x_gpio.c...
compiling stm32f10x_usart.c...
compiling stm32f10x_rcc.c...
compiling misc.c...
compiling stm32f10x_spi.c...
linking...
Program Size: Code=7244 RO-data=348 RW-data=52 ZI-data=1852  
FromELF: creating hex file...
"..\OBJ\24L01.axf" - 0 Error(s), 2 Warning(s).

<h2>Software Packages used:</h2>

Package Vendor: Keil
                http://www.keil.com/pack/Keil.STM32F1xx_DFP.2.2.0.pack
                Keil.STM32F1xx_DFP.2.2.0
                STMicroelectronics STM32F1 Series Device Support, Drivers and Examples

<h2>Collection of Component include folders:</h2>
  .\RTE\_Target_1
  D:\KEIL\ARM\PACK\Keil\STM32F1xx_DFP\2.2.0\Device\Include

<h2>Collection of Component Files used:</h2>
Build Time Elapsed:  00:00:10
</pre>
</body>
</html>
